// Jest Snapshot v1, https://goo.gl/fbAQLP

exports[`Pruebas en GifGridItem Debe de mostrar el componente correctamente 1`] = `
<div
  className="card animate__animated  animate__backInLeft"
>
  <img
    alt="Un titulo"
    src="https://blabla.com"
  />
  <p>
    Un titulo
  </p>
</div>
`;
