// Jest Snapshot v1, https://goo.gl/fbAQLP

exports[`Prueabas en <GifGrid/> Deeb de hacer mach con el snapshot 1`] = `
<Fragment>
  <h3
    className="animate__animated  animate__fadeIn"
  >
    One punch
  </h3>
  <p
    className="animate__animated  animate__flash"
  >
    Loading
  </p>
  <div
    className="card-grid"
  />
</Fragment>
`;
